// Jest Snapshot v1, https://goo.gl/fbAQLP

exports[`Layout renders Layout unchanged 1`] = `
<div
  className="page-layout"
>
  <div
    className="container grid grid-cols-12 mt-8 lg:mt-16 mx-auto lg:max-w-screen-xl font-semibold"
  >
    <div
      className="col-span-12 md:col-span-10 md:col-start-2 lg:col-span-8 lg:col-start-3"
    >
      <nav
        className="flex justify-between align-middle"
      >
        <a
          href="/"
          onClick={[Function]}
          onMouseEnter={[Function]}
        >
          <span
            style={
              Object {
                "background": "none",
                "border": 0,
                "boxSizing": "border-box",
                "display": "inline-block",
                "height": 15,
                "margin": 0,
                "opacity": 1,
                "overflow": "hidden",
                "padding": 0,
                "position": "relative",
                "width": 114,
              }
            }
          >
            <img
              data-nimg="fixed"
              decoding="async"
              src="/_next/image?url=%2Flogo.svg&w=256&q=75"
              srcSet="/_next/image?url=%2Flogo.svg&w=128&q=75 1x, /_next/image?url=%2Flogo.svg&w=256&q=75 2x"
              style={
                Object {
                  "border": "none",
                  "bottom": 0,
                  "boxSizing": "border-box",
                  "display": "block",
                  "height": 0,
                  "left": 0,
                  "margin": "auto",
                  "maxHeight": "100%",
                  "maxWidth": "100%",
                  "minHeight": "100%",
                  "minWidth": "100%",
                  "objectFit": undefined,
                  "objectPosition": undefined,
                  "padding": 0,
                  "position": "absolute",
                  "right": 0,
                  "top": 0,
                  "width": 0,
                }
              }
            />
          </span>
        </a>
        <a
          href="/documentation"
          onClick={[Function]}
          onMouseEnter={[Function]}
        >
          Documentation
        </a>
      </nav>
    </div>
  </div>
  <main />
  <footer
    className="bg-black mt-24"
  >
    <nav
      className="container font-semibold flex justify-center flex-col align-middle items-center gap-2 py-16"
    >
      <a
        href="https://github.com/daveymoores/autolog"
        onClick={[Function]}
        onMouseEnter={[Function]}
      >
        Github
      </a>
      <a
        href="https://www.linkedin.com/in/daveymoores"
        onClick={[Function]}
        onMouseEnter={[Function]}
      >
        Linkedin
      </a>
      <div
        className="mt-24"
      >
        <a
          href="/"
          onClick={[Function]}
          onMouseEnter={[Function]}
        >
          <span
            style={
              Object {
                "background": "none",
                "border": 0,
                "boxSizing": "border-box",
                "display": "inline-block",
                "height": 15,
                "margin": 0,
                "opacity": 1,
                "overflow": "hidden",
                "padding": 0,
                "position": "relative",
                "width": 114,
              }
            }
          >
            <img
              data-nimg="fixed"
              decoding="async"
              src="/_next/image?url=%2Flogo.svg&w=256&q=75"
              srcSet="/_next/image?url=%2Flogo.svg&w=128&q=75 1x, /_next/image?url=%2Flogo.svg&w=256&q=75 2x"
              style={
                Object {
                  "border": "none",
                  "bottom": 0,
                  "boxSizing": "border-box",
                  "display": "block",
                  "height": 0,
                  "left": 0,
                  "margin": "auto",
                  "maxHeight": "100%",
                  "maxWidth": "100%",
                  "minHeight": "100%",
                  "minWidth": "100%",
                  "objectFit": undefined,
                  "objectPosition": undefined,
                  "padding": 0,
                  "position": "absolute",
                  "right": 0,
                  "top": 0,
                  "width": 0,
                }
              }
            />
          </span>
        </a>
      </div>
    </nav>
  </footer>
</div>
`;
