// Jest Snapshot v1, https://goo.gl/fbAQLP

exports[`Command renders Command unchanged 1`] = `
<section
  className="jsx-1811775179"
>
  <header
    className="jsx-1811775179"
  >
    <h3
      className="jsx-1811775179"
    >
      Initialise for current directory
    </h3>
    <button
      className="jsx-1811775179"
    >
      <svg
        className="jsx-1811775179"
        height="29px"
        version="1.1"
        viewBox="0 0 29 29"
        width="29px"
        xmlns="http://www.w3.org/2000/svg"
        xmlnsXlink="http://www.w3.org/1999/xlink"
      >
        <g
          className="jsx-1811775179"
          fill="none"
          fillRule="evenodd"
          stroke="none"
          strokeWidth="1"
        >
          <g
            className="jsx-1811775179"
            stroke="#e1f7de"
            strokeWidth="3"
            transform="translate(-448.000000, -11.000000)"
          >
            <g
              className="jsx-1811775179"
              transform="translate(448.000000, 11.000000)"
            >
              <rect
                className="jsx-1811775179"
                height="19"
                rx="2"
                width="19"
                x="1.5"
                y="1.5"
              />
              <rect
                className="jsx-1811775179"
                fill="#2d3039"
                height="19"
                rx="2"
                width="19"
                x="8.5"
                y="8.5"
              />
            </g>
          </g>
        </g>
      </svg>
    </button>
  </header>
  <code
    className="jsx-1811775179"
  >
    &gt; timesheet-gen edit -h 5 -d 8 -m 10 -y 2021
  </code>
</section>
`;
