// Jest Snapshot v1, https://goo.gl/fbAQLP

exports[`NewsletterSubscribe renders NewsletterSubscribe unchanged 1`] = `
<div
  className="jsx-591473389 newsletter-subscribe"
>
  <h3
    className="jsx-591473389"
  >
    Subscribe to be the first to know about updates
  </h3>
  <form
    className="jsx-591473389"
  >
    <input
      className="jsx-353473093 t-gen--cell"
      type="text"
    />
    <button
      className="jsx-2351062086"
      type="submit"
    >
      Subscribe
    </button>
  </form>
</div>
`;
