// Jest Snapshot v1, https://goo.gl/fbAQLP

exports[`Navigation renders navigation unchanged 1`] = `
<div
  className="container grid grid-cols-12 mt-8 lg:mt-16 mx-auto lg:max-w-screen-xl font-semibold"
>
  <div
    className="col-span-12 md:col-span-10 md:col-start-2 lg:col-span-8 lg:col-start-3"
  >
    <nav
      className="flex justify-between align-middle"
    >
      <a
        href="/"
        onClick={[Function]}
        onMouseEnter={[Function]}
      >
        <span
          style={
            Object {
              "background": "none",
              "border": 0,
              "boxSizing": "border-box",
              "display": "inline-block",
              "height": 15,
              "margin": 0,
              "opacity": 1,
              "overflow": "hidden",
              "padding": 0,
              "position": "relative",
              "width": 114,
            }
          }
        >
          <img
            data-nimg="fixed"
            decoding="async"
            onError={[Function]}
            onLoad={[Function]}
            src="/logo.svg"
            srcSet="/logo.svg 1x, /logo.svg 2x"
            style={
              Object {
                "border": "none",
                "bottom": 0,
                "boxSizing": "border-box",
                "display": "block",
                "height": 0,
                "left": 0,
                "margin": "auto",
                "maxHeight": "100%",
                "maxWidth": "100%",
                "minHeight": "100%",
                "minWidth": "100%",
                "objectFit": undefined,
                "objectPosition": undefined,
                "padding": 0,
                "position": "absolute",
                "right": 0,
                "top": 0,
                "width": 0,
              }
            }
          />
        </span>
      </a>
      <a
        href="/documentation"
        onClick={[Function]}
        onMouseEnter={[Function]}
      >
        Documentation
      </a>
    </nav>
  </div>
</div>
`;
