// Jest Snapshot v1, https://goo.gl/fbAQLP

exports[`Navigation renders navigation unchanged 1`] = `
<nav
  className="jsx-3281591941"
  role="navigation"
>
  <a
    className="jsx-3281591941 t-gen--cell"
    href="/"
  >
    TIMESHEET-GEN
     
  </a>
  <ul
    className="jsx-3281591941"
  >
    <li
      className="jsx-3281591941 t-gen--cell"
    >
      <a
        className="jsx-3281591941"
        href=""
      >
        Documentation
      </a>
    </li>
    <li
      className="jsx-3281591941 t-gen--cell"
    >
      <a
        className="jsx-3281591941"
        href=""
      >
        Code
      </a>
    </li>
  </ul>
</nav>
`;
