// Jest Snapshot v1, https://goo.gl/fbAQLP

exports[`Footer renders footer unchanged 1`] = `
<footer
  className="jsx-1890663278"
>
  <div
    className="jsx-591473389 newsletter-subscribe"
  >
    <h3
      className="jsx-591473389"
    >
      Subscribe to be the first to know about updates
    </h3>
    <form
      className="jsx-591473389"
    >
      <input
        className="jsx-353473093 t-gen--cell"
        type="text"
      />
      <button
        className="jsx-836649993"
        type="submit"
      >
        subscribe
      </button>
    </form>
  </div>
  <div
    className="jsx-1890663278 bottom-bar"
  >
    <ul
      className="jsx-1890663278"
    >
      <li
        className="jsx-1890663278 t-gen--cell"
      >
        <a
          className="jsx-1890663278"
          href=""
        >
          View on Github
        </a>
      </li>
      <li
        className="jsx-1890663278 t-gen--cell"
      >
        <span
          style={
            Object {
              "background": "none",
              "border": 0,
              "boxSizing": "border-box",
              "display": "inline-block",
              "height": "initial",
              "margin": 0,
              "maxWidth": "100%",
              "opacity": 1,
              "overflow": "hidden",
              "padding": 0,
              "position": "relative",
              "width": "initial",
            }
          }
        >
          <span
            style={
              Object {
                "background": "none",
                "border": 0,
                "boxSizing": "border-box",
                "display": "block",
                "height": "initial",
                "margin": 0,
                "maxWidth": "100%",
                "opacity": 1,
                "padding": 0,
                "width": "initial",
              }
            }
          >
            <img
              alt=""
              aria-hidden={true}
              src="data:image/svg+xml;base64,PHN2ZyB3aWR0aD0iMjUiIGhlaWdodD0iMjUiIHhtbG5zPSJodHRwOi8vd3d3LnczLm9yZy8yMDAwL3N2ZyIgdmVyc2lvbj0iMS4xIi8+"
              style={
                Object {
                  "background": "none",
                  "border": 0,
                  "display": "block",
                  "height": "initial",
                  "margin": 0,
                  "maxWidth": "100%",
                  "opacity": 1,
                  "padding": 0,
                  "width": "initial",
                }
              }
            />
          </span>
          <img
            alt="GitHub icon"
            data-nimg="intrinsic"
            decoding="async"
            src="data:image/gif;base64,R0lGODlhAQABAIAAAAAAAP///yH5BAEAAAAALAAAAAABAAEAAAIBRAA7"
            style={
              Object {
                "border": "none",
                "bottom": 0,
                "boxSizing": "border-box",
                "display": "block",
                "height": 0,
                "left": 0,
                "margin": "auto",
                "maxHeight": "100%",
                "maxWidth": "100%",
                "minHeight": "100%",
                "minWidth": "100%",
                "objectFit": undefined,
                "objectPosition": undefined,
                "padding": 0,
                "position": "absolute",
                "right": 0,
                "top": 0,
                "width": 0,
              }
            }
          />
          <noscript>
            <img
              alt="GitHub icon"
              data-nimg="intrinsic"
              decoding="async"
              loading="lazy"
              src="/_next/image?url=%2FGitHub-Mark-Light-64px.svg&w=64&q=75"
              srcSet="/_next/image?url=%2FGitHub-Mark-Light-64px.svg&w=32&q=75 1x, /_next/image?url=%2FGitHub-Mark-Light-64px.svg&w=64&q=75 2x"
              style={
                Object {
                  "border": "none",
                  "bottom": 0,
                  "boxSizing": "border-box",
                  "display": "block",
                  "height": 0,
                  "left": 0,
                  "margin": "auto",
                  "maxHeight": "100%",
                  "maxWidth": "100%",
                  "minHeight": "100%",
                  "minWidth": "100%",
                  "objectFit": undefined,
                  "objectPosition": undefined,
                  "padding": 0,
                  "position": "absolute",
                  "right": 0,
                  "top": 0,
                  "width": 0,
                }
              }
            />
          </noscript>
        </span>
      </li>
    </ul>
  </div>
</footer>
`;
