// Jest Snapshot v1, https://goo.gl/fbAQLP

exports[`Footer renders footer unchanged 1`] = `
<footer
  className="bg-black mt-24"
>
  <nav
    className="container font-semibold flex justify-center flex-col align-middle items-center gap-2 py-16"
  >
    <a
      href="https://github.com/daveymoores/autolog"
      onClick={[Function]}
      onMouseEnter={[Function]}
    >
      Github
    </a>
    <a
      href="https://www.linkedin.com/in/daveymoores"
      onClick={[Function]}
      onMouseEnter={[Function]}
    >
      Linkedin
    </a>
    <div
      className="mt-24"
    >
      <a
        href="/"
        onClick={[Function]}
        onMouseEnter={[Function]}
      >
        <span
          style={
            Object {
              "background": "none",
              "border": 0,
              "boxSizing": "border-box",
              "display": "inline-block",
              "height": 22,
              "margin": 0,
              "opacity": 1,
              "overflow": "hidden",
              "padding": 0,
              "position": "relative",
              "width": 100,
            }
          }
        >
          <img
            data-nimg="fixed"
            decoding="async"
            onError={[Function]}
            onLoad={[Function]}
            src="/logo.svg"
            srcSet="/logo.svg 1x, /logo.svg 2x"
            style={
              Object {
                "border": "none",
                "bottom": 0,
                "boxSizing": "border-box",
                "display": "block",
                "height": 0,
                "left": 0,
                "margin": "auto",
                "maxHeight": "100%",
                "maxWidth": "100%",
                "minHeight": "100%",
                "minWidth": "100%",
                "objectFit": undefined,
                "objectPosition": undefined,
                "padding": 0,
                "position": "absolute",
                "right": 0,
                "top": 0,
                "width": 0,
              }
            }
          />
        </span>
      </a>
    </div>
  </nav>
</footer>
`;
