// Jest Snapshot v1, https://goo.gl/fbAQLP

exports[`Table renders Table unchanged 1`] = `
<div
  className="mt-2"
>
  <div
    className="flex flex-col"
  >
    <div>
      <div>
        <div />
      </div>
      <div>
        <div
          className="text-sm lg:text-md text-center font-semibold"
        >
          1
        </div>
      </div>
      <div>
        <div />
      </div>
    </div>
    <p
      className="font-semibold text-md text-slate-500 mt-6 self-end"
    >
       total:
       
      <span
        className="text-green-100 font-bold"
      >
        48
         hours
      </span>
    </p>
  </div>
</div>
`;
