// Jest Snapshot v1, https://goo.gl/fbAQLP

exports[`TableContainer renders TableContainer unchanged 1`] = `
<div
  className="jsx-2616247939 jsx-1936843775 timesheet__table--container"
>
  <div
    className="jsx-2616247939 jsx-1936843775 timesheet__table--scrollable-wrapper"
  >
    <div
      className="jsx-2616247939 jsx-1936843775 timesheet__table--row"
    >
      <div
        className="jsx-2108230735 timesheet__table--cell"
      >
        1
      </div>
    </div>
    <div
      className="jsx-2616247939 jsx-1936843775 timesheet__table--row"
    >
      <div
        className="jsx-2108230735 timesheet__table--cell"
      >
        0
      </div>
    </div>
  </div>
</div>
`;
